{
    "test-map-sr - stub": {
        "content": [
            {
                "0": [
                    [
                        {
                            "id": "ref"
                        },
                        "ecc.sr.csv:md5,d41d8cd98f00b204e9800998ecf8427e"
                    ]
                ],
                "1": [
                    [
                        {
                            "id": "ref"
                        },
                        "ecc.sr.fasta:md5,d41d8cd98f00b204e9800998ecf8427e"
                    ]
                ],
                "2": [
                    [
                        "ECC_FINDER_MAP_SR",
                        "ecc_finder",
                        "v1.0.0"
                    ]
                ],
                "csv": [
                    [
                        {
                            "id": "ref"
                        },
                        "ecc.sr.csv:md5,d41d8cd98f00b204e9800998ecf8427e"
                    ]
                ],
                "fasta": [
                    [
                        {
                            "id": "ref"
                        },
                        "ecc.sr.fasta:md5,d41d8cd98f00b204e9800998ecf8427e"
                    ]
                ],
                "versions_ecc_finder": [
                    [
                        "ECC_FINDER_MAP_SR",
                        "ecc_finder",
                        "v1.0.0"
                    ]
                ]
            }
        ],
        "timestamp": "2026-08-18T14:55:19.442895002",
        "meta": {
            "nf-test": "0.9.5",
            "nextflow": "26.04.6"
        }
    }
}