{
    "test-asm-ont - stub": {
        "content": [
            {
                "0": [
                    [
                        {
                            "id": "test"
                        },
                        "ecc.asm.ont.fasta:md5,d41d8cd98f00b204e9800998ecf8427e"
                    ]
                ],
                "1": [
                    [
                        "ECC_FINDER_ASM_ONT",
                        "ecc_finder",
                        "v1.0.0"
                    ]
                ],
                "fasta": [
                    [
                        {
                            "id": "test"
                        },
                        "ecc.asm.ont.fasta:md5,d41d8cd98f00b204e9800998ecf8427e"
                    ]
                ],
                "versions_ecc_finder": [
                    [
                        "ECC_FINDER_ASM_ONT",
                        "ecc_finder",
                        "v1.0.0"
                    ]
                ]
            }
        ],
        "timestamp": "2026-08-25T17:02:59.234704",
        "meta": {
            "nf-test": "0.9.5",
            "nextflow": "26.04.6"
        }
    }
}