{
    "test-asm-ont - stub": {
        "content": [
            {
                "0": [
                    [
                        {
                            "id": "test"
                        },
                        "ecc.asm.ont.fasta:md5,d41d8cd98f00b204e9800998ecf8427e"
                    ]
                ],
                "1": [
                    [
                        "ECC_FINDER_ASM_ONT",
                        [
                            ".dockerignore:md5,be88a921a9658778c79cb04c1c0df330",
                            [
                                "FETCH_HEAD:md5,ea43deea0cb0e4b6217aa3a96fa690aa",
                                "HEAD:md5,cf7dd3ce51958c5f13fece957cc417fb",
                                "config:md5,42d9b548d6d69d7c65a7087f929a5ecf",
                                "description:md5,a0a7c3fff21f2aea3cfa1d0316dd816c",
                                [
                                    "applypatch-msg.sample:md5,ce562e08d8098926a3862fc6e7905199",
                                    "commit-msg.sample:md5,579a3c1e12a1e74a98169175fb913012",
                                    "fsmonitor-watchman.sample:md5,a0b2633a2c8e97501610bd3f73da66fc",
                                    "post-update.sample:md5,2b7ea5cee3c49ff53d41e00785eb974c",
                                    "pre-applypatch.sample:md5,054f9ffb8bfe04a599751cc757226dda",
                                    "pre-commit.sample:md5,5029bfab85b1c39281aa9697379ea444",
                                    "pre-merge-commit.sample:md5,39cb268e2a85d436b9eb6f47614c3cbc",
                                    "pre-push.sample:md5,2c642152299a94e05ea26eae11993b13",
                                    "pre-rebase.sample:md5,56e45f2bcbc8226d2b4200f7c46371bf",
                                    "pre-receive.sample:md5,2ad18ec82c20af7b5926ed9cea6aeedd",
                                    "prepare-commit-msg.sample:md5,2b5c047bdb474555e1787db32b2d2fc5",
                                    "push-to-checkout.sample:md5,c7ab00c7784efeadad3ae9b228d4b4db",
                                    "sendemail-validate.sample:md5,4d67df3a8d5c98cb8565c07e42be0b04",
                                    "update.sample:md5,647ae13c682f7827c22f5fc08a03674e"
                                ],
                                "index:md5,19d0736e47b4975617b625c33292eb63",
                                [
                                    "exclude:md5,036208b4a1ab4a235d75c181e685e5a3"
                                ],
                                [
                                    "HEAD:md5,38137f2fd1b894c6bffa9b86d6eaa4ba",
                                    [
                                        [
                                            "main:md5,38137f2fd1b894c6bffa9b86d6eaa4ba"
                                        ],
                                        [
                                            [
                                                "HEAD:md5,a26833b6489decf99a6a9c2f618546e7"
                                            ]
                                        ]
                                    ]
                                ],
                                [
                                    [
                                        
                                    ],
                                    [
                                        "pack-0046c51e4688e1a5e83832b3313fb8dcf4aa03cb.idx:md5,e074bc6aaac3fab57a6193a7068f0a26",
                                        "pack-0046c51e4688e1a5e83832b3313fb8dcf4aa03cb.pack:md5,8b9aaef7e7f558523e7813754f9ca6ae",
                                        "pack-0046c51e4688e1a5e83832b3313fb8dcf4aa03cb.rev:md5,0090921eba6f0accf250790e8221f7f6"
                                    ]
                                ],
                                "packed-refs:md5,1bc4c64c877e77200b4ab4ea6713e5e6",
                                [
                                    [
                                        "main:md5,119e8d952ae0dc20fa4a19209d904fe2"
                                    ],
                                    [
                                        [
                                            "HEAD:md5,98b16e0b650190870f1b40bc8f4aec4e"
                                        ]
                                    ],
                                    [
                                        
                                    ]
                                ]
                            ],
                            "COPYING:md5,8f0e2cd40e05189ec81232da84bd6e1a",
                            "Dockerfile:md5,d791919a35ff6522caa49aa25ca1c446",
                            "README.md:md5,f2bc4016648d7778a96ae9fdc33aa162",
                            "asm-ont.py:md5,9fae8a14757447bb8fc2d6199f29c436",
                            "asm-sr.py:md5,5c2c8e6b170046305b701110b02df9b1",
                            [
                                "build.sh:md5,eac9d81915165f19613168a093856e18",
                                [
                                    "channeldata.json:md5,e324c33f7d61632d51bf346af766ee76",
                                    "index.html:md5,f5b13ad3ad0b6907c18eaadbf08fea25",
                                    [
                                        [
                                            "cache.db:md5,ca9bc724e734852210111f1f31a962ea"
                                        ],
                                        "current_repodata.json:md5,854b76ecd16e8137b75110f68c2dc429",
                                        "index.html:md5,99b80a7e841094fa25164e9b65e40187",
                                        "repodata.json:md5,854b76ecd16e8137b75110f68c2dc429",
                                        "repodata_from_packages.json:md5,854b76ecd16e8137b75110f68c2dc429"
                                    ],
                                    [
                                        [
                                            "cache.db:md5,df6afaa9e5392ba6ae2b433b4993f9b7"
                                        ],
                                        "current_repodata.json:md5,3149fec6ce746b06cf18a378610d4d7e",
                                        "ecc_finder-1.0.0-py312h70deae4_0.conda:md5,5df8b958968fe077ab1106b450a75bd8",
                                        "index.html:md5,067e8959f494bbbdafb1d4cb2ec543e2",
                                        "repodata.json:md5,36ff928e69c118eef7c22f6e688a6127",
                                        "repodata_from_packages.json:md5,36ff928e69c118eef7c22f6e688a6127"
                                    ]
                                ],
                                "meta.yaml:md5,a48a1af04fa0249c93f7b8d760782a96"
                            ],
                            [
                                "Aligner.py:md5,0aefc1324ee911f03dd6f1230e01bcb2",
                                "Peaker.py:md5,8a5cd80ac362b1e296878aab14039027",
                                "Spliter.py:md5,e58cd7f0fb712dc096a6f653dc5f2bff",
                                "__init__.py:md5,d41d8cd98f00b204e9800998ecf8427e",
                                [
                                    "Aligner.cpython-37.pyc:md5,b0aba055c5fd26d535260412c8f703db",
                                    "Aligner.cpython-38.pyc:md5,e526f7434c1fcec4405bad9c7903f647",
                                    "Peaker.cpython-38.pyc:md5,52a93fa9e753b1aed1465fb28e7dfb1c",
                                    "Split.cpython-37.pyc:md5,c8c5494ddbb758aaf133c513c5a12dfb",
                                    "Spliter.cpython-37.pyc:md5,83efbca8128c2cb798ee56d6ebe8970b",
                                    "Spliter.cpython-38.pyc:md5,8719f02d9b2c76e8870e5612d97b1bdd",
                                    "__init__.cpython-37.pyc:md5,108448a56beb53b416246a008543034e",
                                    "__init__.cpython-38.pyc:md5,ea505ec73f40c9e8cd15f0593811b3a6",
                                    "utilities.cpython-312.pyc:md5,e39360b31818bd715c1f1c55b55c25ea",
                                    "utilities.cpython-37.pyc:md5,c3f5a91dc5af7322564bb6088e0622c4",
                                    "utilities.cpython-38.pyc:md5,650e5a54449e1da7ea44efdf02d34576"
                                ],
                                "utilities.py:md5,43d1ec19395041f4beb24f817aada2af"
                            ],
                            "ecc_finder.py:md5,05c71112c3da75cc6f3ca22ea1fecbca",
                            "ecc_finder.yaml:md5,2c253e570442a1ba6be66c6aeddb63a2",
                            "ecc_finder_MAC.yaml:md5,8f931a319d8dbf2957b92a87ea6e7a09",
                            "environment.yml:md5,d754a0dc32ddecc387930a82c2074e2d",
                            [
                                "Assembly.png:md5,e84b4f47e777540630e2c016ca87bc2e",
                                "Long_read_assembly.png:md5,7cf035ec74668a5cc24e522404eea2e8",
                                "Long_read_pipeline.png:md5,f829db795a1b4a2348ae008e5e9b2a21",
                                "Short_read_pipeline.png:md5,fba53d8e829ec59f097859c81917c3c8",
                                "Size_distribution.png:md5,80edd831051f102698f52e23a965a83b",
                                "ecc_finder_pipeline.png:md5,a3ac97b28f359808c90818adeaea6325"
                            ],
                            "map-ont.py:md5,0fb26f1082dd127f5867c5673f308d01",
                            "map-sr.py:md5,3734720a7142b9749d32010d110fb5fe",
                            "setup.py:md5,ad390833e8623a99524dd49a838edd6e",
                            "split_fasta_byID.py:md5,c64ea6a71b79d70d942dfb996d2e3b15",
                            [
                                "Arabi.1kReads.R1.fastq.gz:md5,bc3843b4c4796993a7d543865fd5773f",
                                "Arabi.1kReads.R2.fastq.gz:md5,85839eb2fb9c6657c185e8cd0b79dc3e",
                                "Arabi.ONT.1kReads.fasta.gz:md5,2134ef22c4d28ada8b81ef82e04d3bff"
                            ]
                        ],
                        "v1.0.0"
                    ]
                ],
                "fasta": [
                    [
                        {
                            "id": "test"
                        },
                        "ecc.asm.ont.fasta:md5,d41d8cd98f00b204e9800998ecf8427e"
                    ]
                ],
                "versions_ecc_finder": [
                    [
                        "ECC_FINDER_ASM_ONT",
                        [
                            ".dockerignore:md5,be88a921a9658778c79cb04c1c0df330",
                            [
                                "FETCH_HEAD:md5,ea43deea0cb0e4b6217aa3a96fa690aa",
                                "HEAD:md5,cf7dd3ce51958c5f13fece957cc417fb",
                                "config:md5,42d9b548d6d69d7c65a7087f929a5ecf",
                                "description:md5,a0a7c3fff21f2aea3cfa1d0316dd816c",
                                [
                                    "applypatch-msg.sample:md5,ce562e08d8098926a3862fc6e7905199",
                                    "commit-msg.sample:md5,579a3c1e12a1e74a98169175fb913012",
                                    "fsmonitor-watchman.sample:md5,a0b2633a2c8e97501610bd3f73da66fc",
                                    "post-update.sample:md5,2b7ea5cee3c49ff53d41e00785eb974c",
                                    "pre-applypatch.sample:md5,054f9ffb8bfe04a599751cc757226dda",
                                    "pre-commit.sample:md5,5029bfab85b1c39281aa9697379ea444",
                                    "pre-merge-commit.sample:md5,39cb268e2a85d436b9eb6f47614c3cbc",
                                    "pre-push.sample:md5,2c642152299a94e05ea26eae11993b13",
                                    "pre-rebase.sample:md5,56e45f2bcbc8226d2b4200f7c46371bf",
                                    "pre-receive.sample:md5,2ad18ec82c20af7b5926ed9cea6aeedd",
                                    "prepare-commit-msg.sample:md5,2b5c047bdb474555e1787db32b2d2fc5",
                                    "push-to-checkout.sample:md5,c7ab00c7784efeadad3ae9b228d4b4db",
                                    "sendemail-validate.sample:md5,4d67df3a8d5c98cb8565c07e42be0b04",
                                    "update.sample:md5,647ae13c682f7827c22f5fc08a03674e"
                                ],
                                "index:md5,19d0736e47b4975617b625c33292eb63",
                                [
                                    "exclude:md5,036208b4a1ab4a235d75c181e685e5a3"
                                ],
                                [
                                    "HEAD:md5,38137f2fd1b894c6bffa9b86d6eaa4ba",
                                    [
                                        [
                                            "main:md5,38137f2fd1b894c6bffa9b86d6eaa4ba"
                                        ],
                                        [
                                            [
                                                "HEAD:md5,a26833b6489decf99a6a9c2f618546e7"
                                            ]
                                        ]
                                    ]
                                ],
                                [
                                    [
                                        
                                    ],
                                    [
                                        "pack-0046c51e4688e1a5e83832b3313fb8dcf4aa03cb.idx:md5,e074bc6aaac3fab57a6193a7068f0a26",
                                        "pack-0046c51e4688e1a5e83832b3313fb8dcf4aa03cb.pack:md5,8b9aaef7e7f558523e7813754f9ca6ae",
                                        "pack-0046c51e4688e1a5e83832b3313fb8dcf4aa03cb.rev:md5,0090921eba6f0accf250790e8221f7f6"
                                    ]
                                ],
                                "packed-refs:md5,1bc4c64c877e77200b4ab4ea6713e5e6",
                                [
                                    [
                                        "main:md5,119e8d952ae0dc20fa4a19209d904fe2"
                                    ],
                                    [
                                        [
                                            "HEAD:md5,98b16e0b650190870f1b40bc8f4aec4e"
                                        ]
                                    ],
                                    [
                                        
                                    ]
                                ]
                            ],
                            "COPYING:md5,8f0e2cd40e05189ec81232da84bd6e1a",
                            "Dockerfile:md5,d791919a35ff6522caa49aa25ca1c446",
                            "README.md:md5,f2bc4016648d7778a96ae9fdc33aa162",
                            "asm-ont.py:md5,9fae8a14757447bb8fc2d6199f29c436",
                            "asm-sr.py:md5,5c2c8e6b170046305b701110b02df9b1",
                            [
                                "build.sh:md5,eac9d81915165f19613168a093856e18",
                                [
                                    "channeldata.json:md5,e324c33f7d61632d51bf346af766ee76",
                                    "index.html:md5,f5b13ad3ad0b6907c18eaadbf08fea25",
                                    [
                                        [
                                            "cache.db:md5,ca9bc724e734852210111f1f31a962ea"
                                        ],
                                        "current_repodata.json:md5,854b76ecd16e8137b75110f68c2dc429",
                                        "index.html:md5,99b80a7e841094fa25164e9b65e40187",
                                        "repodata.json:md5,854b76ecd16e8137b75110f68c2dc429",
                                        "repodata_from_packages.json:md5,854b76ecd16e8137b75110f68c2dc429"
                                    ],
                                    [
                                        [
                                            "cache.db:md5,df6afaa9e5392ba6ae2b433b4993f9b7"
                                        ],
                                        "current_repodata.json:md5,3149fec6ce746b06cf18a378610d4d7e",
                                        "ecc_finder-1.0.0-py312h70deae4_0.conda:md5,5df8b958968fe077ab1106b450a75bd8",
                                        "index.html:md5,067e8959f494bbbdafb1d4cb2ec543e2",
                                        "repodata.json:md5,36ff928e69c118eef7c22f6e688a6127",
                                        "repodata_from_packages.json:md5,36ff928e69c118eef7c22f6e688a6127"
                                    ]
                                ],
                                "meta.yaml:md5,a48a1af04fa0249c93f7b8d760782a96"
                            ],
                            [
                                "Aligner.py:md5,0aefc1324ee911f03dd6f1230e01bcb2",
                                "Peaker.py:md5,8a5cd80ac362b1e296878aab14039027",
                                "Spliter.py:md5,e58cd7f0fb712dc096a6f653dc5f2bff",
                                "__init__.py:md5,d41d8cd98f00b204e9800998ecf8427e",
                                [
                                    "Aligner.cpython-37.pyc:md5,b0aba055c5fd26d535260412c8f703db",
                                    "Aligner.cpython-38.pyc:md5,e526f7434c1fcec4405bad9c7903f647",
                                    "Peaker.cpython-38.pyc:md5,52a93fa9e753b1aed1465fb28e7dfb1c",
                                    "Split.cpython-37.pyc:md5,c8c5494ddbb758aaf133c513c5a12dfb",
                                    "Spliter.cpython-37.pyc:md5,83efbca8128c2cb798ee56d6ebe8970b",
                                    "Spliter.cpython-38.pyc:md5,8719f02d9b2c76e8870e5612d97b1bdd",
                                    "__init__.cpython-37.pyc:md5,108448a56beb53b416246a008543034e",
                                    "__init__.cpython-38.pyc:md5,ea505ec73f40c9e8cd15f0593811b3a6",
                                    "utilities.cpython-312.pyc:md5,e39360b31818bd715c1f1c55b55c25ea",
                                    "utilities.cpython-37.pyc:md5,c3f5a91dc5af7322564bb6088e0622c4",
                                    "utilities.cpython-38.pyc:md5,650e5a54449e1da7ea44efdf02d34576"
                                ],
                                "utilities.py:md5,43d1ec19395041f4beb24f817aada2af"
                            ],
                            "ecc_finder.py:md5,05c71112c3da75cc6f3ca22ea1fecbca",
                            "ecc_finder.yaml:md5,2c253e570442a1ba6be66c6aeddb63a2",
                            "ecc_finder_MAC.yaml:md5,8f931a319d8dbf2957b92a87ea6e7a09",
                            "environment.yml:md5,d754a0dc32ddecc387930a82c2074e2d",
                            [
                                "Assembly.png:md5,e84b4f47e777540630e2c016ca87bc2e",
                                "Long_read_assembly.png:md5,7cf035ec74668a5cc24e522404eea2e8",
                                "Long_read_pipeline.png:md5,f829db795a1b4a2348ae008e5e9b2a21",
                                "Short_read_pipeline.png:md5,fba53d8e829ec59f097859c81917c3c8",
                                "Size_distribution.png:md5,80edd831051f102698f52e23a965a83b",
                                "ecc_finder_pipeline.png:md5,a3ac97b28f359808c90818adeaea6325"
                            ],
                            "map-ont.py:md5,0fb26f1082dd127f5867c5673f308d01",
                            "map-sr.py:md5,3734720a7142b9749d32010d110fb5fe",
                            "setup.py:md5,ad390833e8623a99524dd49a838edd6e",
                            "split_fasta_byID.py:md5,c64ea6a71b79d70d942dfb996d2e3b15",
                            [
                                "Arabi.1kReads.R1.fastq.gz:md5,bc3843b4c4796993a7d543865fd5773f",
                                "Arabi.1kReads.R2.fastq.gz:md5,85839eb2fb9c6657c185e8cd0b79dc3e",
                                "Arabi.ONT.1kReads.fasta.gz:md5,2134ef22c4d28ada8b81ef82e04d3bff"
                            ]
                        ],
                        "v1.0.0"
                    ]
                ]
            }
        ],
        "timestamp": "2026-07-03T16:40:52.026676",
        "meta": {
            "nf-test": "0.9.5",
            "nextflow": "26.04.4"
        }
    }
}