{
    "test-identify - stub": {
        "content": [
            {
                "0": [
                    [
                        {
                            "id": "ref"
                        },
                        "ref.eccDNA_final.txt:md5,d41d8cd98f00b204e9800998ecf8427e"
                    ]
                ],
                "1": [
                    [
                        "CRESIL_IDENTIFY",
                        [
                            ".DS_Store:md5,f84ab3d9fc65c2475c5f29eb1619e0a5",
                            ".dockerignore:md5,b36528722e33b1343dfcc701fbba44d2",
                            [
                                ".DS_Store:md5,7f957b11dbc5379ccd5046cc12c4419d",
                                "COMMIT_EDITMSG:md5,ee5a0ed48c4f682ceed928d7cf069711",
                                "FETCH_HEAD:md5,1a53c9f345af082925ea1b5e96e13d70",
                                "HEAD:md5,4cf2d64e44205fe628ddd534e1151b58",
                                "ORIG_HEAD:md5,728a473241eb2072e475f383cb00af22",
                                "config:md5,c958cd5fa2f603caba06bb1ef75f8f44",
                                "description:md5,a0a7c3fff21f2aea3cfa1d0316dd816c",
                                [
                                    "applypatch-msg.sample:md5,ce562e08d8098926a3862fc6e7905199",
                                    "commit-msg.sample:md5,579a3c1e12a1e74a98169175fb913012",
                                    "fsmonitor-watchman.sample:md5,a0b2633a2c8e97501610bd3f73da66fc",
                                    "post-update.sample:md5,2b7ea5cee3c49ff53d41e00785eb974c",
                                    "pre-applypatch.sample:md5,054f9ffb8bfe04a599751cc757226dda",
                                    "pre-commit.sample:md5,5029bfab85b1c39281aa9697379ea444",
                                    "pre-merge-commit.sample:md5,39cb268e2a85d436b9eb6f47614c3cbc",
                                    "pre-push.sample:md5,2c642152299a94e05ea26eae11993b13",
                                    "pre-rebase.sample:md5,56e45f2bcbc8226d2b4200f7c46371bf",
                                    "pre-receive.sample:md5,2ad18ec82c20af7b5926ed9cea6aeedd",
                                    "prepare-commit-msg.sample:md5,2b5c047bdb474555e1787db32b2d2fc5",
                                    "push-to-checkout.sample:md5,c7ab00c7784efeadad3ae9b228d4b4db",
                                    "sendemail-validate.sample:md5,4d67df3a8d5c98cb8565c07e42be0b04",
                                    "update.sample:md5,647ae13c682f7827c22f5fc08a03674e"
                                ],
                                "index:md5,dafb8ac7a2dcea684080fbbf39afb8be",
                                [
                                    "exclude:md5,036208b4a1ab4a235d75c181e685e5a3"
                                ],
                                [
                                    "HEAD:md5,639e3299c1d90fadf11277935f1ebf2a",
                                    [
                                        [
                                            "master:md5,639e3299c1d90fadf11277935f1ebf2a"
                                        ],
                                        [
                                            [
                                                "HEAD:md5,66811b90d2d668de1f7e315987e11d44",
                                                "master:md5,5e02fa2cc0b489afdc9e854614f2f3c3"
                                            ],
                                            [
                                                "HEAD:md5,dfab1bb7c3c0cff9abb7115e9d29bd6e",
                                                "master:md5,4fdaf1aca508947bca2670dcd86f9791"
                                            ]
                                        ]
                                    ]
                                ],
                                [
                                    ".DS_Store:md5,4aaf0b2615db2630df7a528fa005bc41",
                                    [
                                        "1051135cb3fa48514e97edb6ab40e82a30d5cd:md5,7d407d2406e66aacb9bf3c33f7f0c901"
                                    ],
                                    [
                                        "5b7e446f1f87eb243dd5a394eeac8dcb48b16f:md5,9eb1247a80ebbd137ac399a10e2e9575"
                                    ],
                                    [
                                        "4bf151fb504ab88c2c7ff3bf4d05de4e6e7018:md5,f617733a56c0bab7336996e60f3c5020"
                                    ],
                                    [
                                        "463893fcd5f8a1d005634ee3816d625eaa55db:md5,9464619e449134ff24f0b02426b43dce"
                                    ],
                                    [
                                        "8dc2356e0b4564058c81ff18dc54b211a022fe:md5,a06592cae8f905c075cddb1b7d4545a5"
                                    ],
                                    [
                                        "0790784042dae5a47dd5577327462332d7a77c:md5,5285fb821fefccc08fd8666d16abab6d"
                                    ],
                                    [
                                        "a8bc2c2de93d2d750f7ce05592c30915e01f71:md5,40ea6016c77c79db106cf3ae9ca688b2"
                                    ],
                                    [
                                        "87e63375da0920888f89f60ca91a50445496d3:md5,fe951620c5bf9e8869f47368604c5c70"
                                    ],
                                    [
                                        "aa6e2d6672eea9d0b53f9643e4aebfa6bfbd62:md5,7102f39349f3b48ca8d2bfcbd8d875aa"
                                    ],
                                    [
                                        "625dfcb1a09bfec3bd2672931c91f908c99a7f:md5,cb6b97af3004cd4f1caaf0a01d301d12"
                                    ],
                                    [
                                        "ccf42c426027401995aaa8b25e65f5e302882b:md5,78602e3a619cab4c71d479ac010462a8"
                                    ],
                                    [
                                        "d3831814a7f7f07cb97b254af6e07afec40444:md5,20c31f6a35a3514e0c286861550ca284"
                                    ],
                                    [
                                        "24af287a0ae9d2067c57512f2ad9b49e18ff31:md5,4d6aff642817113e09bcc3fa81b7cd41"
                                    ],
                                    [
                                        "550e2fad2d1ffbbc60c8ee58531c01f3108b7d:md5,2b75756d2b5a0496c8dbd90406cbb557"
                                    ],
                                    [
                                        "efc91d95656735a6eae811520b79d84115baff:md5,ec7a69a4b8ee7e4bf5b19bf9ff22bc49"
                                    ],
                                    [
                                        "94f73cdd153bd02fa17de5c25e922da171b926:md5,a6085f23f4b3dd6abe0b47dc9f383980"
                                    ],
                                    [
                                        "aec1ba59f590fe22a3ae15d9adffb9e960f33c:md5,1a8da6e416256af810427251f37a33d2"
                                    ],
                                    [
                                        "50ef0012a49d7a737ab5601421e05b62b6829f:md5,2006f6a272837cd3811097345aa9b155"
                                    ],
                                    [
                                        "df7ba0be6918fbfc7fe344ae56d19a98071da5:md5,87f5c6bb8437fed2cb2c6b3d122c1406"
                                    ],
                                    [
                                        "719271f3a6a6baf28c043ff423d7df8487b954:md5,59afce1fe36a96153c7c56b09e354d05"
                                    ],
                                    [
                                        "c3d698a4e5d839a1eb950abd3f5a5c07a73905:md5,fd9df2cf54955e76185bd3a19a7bdd4b"
                                    ],
                                    [
                                        
                                    ],
                                    [
                                        "pack-d03ef8bce4af1c4b0d07e455377d7f41de0882ec.idx:md5,d84840740b786a69d048259097868339",
                                        "pack-d03ef8bce4af1c4b0d07e455377d7f41de0882ec.pack:md5,c551c35d1a3d5050e43d6a17d4db13d5",
                                        "pack-d03ef8bce4af1c4b0d07e455377d7f41de0882ec.rev:md5,297429b224da72895411c6b4799f79aa"
                                    ]
                                ],
                                "packed-refs:md5,2efbe9fa58c68d1b0115b8dba9e04014",
                                [
                                    ".DS_Store:md5,631f445593806096274c558aa4975b4d",
                                    [
                                        "master:md5,55433bfa86ad4aefe300596fb3c42cc6"
                                    ],
                                    [
                                        [
                                            "HEAD:md5,73a00957034783b7b5c8294c54cd3e12",
                                            "master:md5,55433bfa86ad4aefe300596fb3c42cc6"
                                        ],
                                        [
                                            "HEAD:md5,bf569b65cefdb3f84a669d0cec2124b4",
                                            "master:md5,4db250731b6a844f5ad4ce5f24e0d12d"
                                        ]
                                    ],
                                    [
                                        
                                    ]
                                ]
                            ],
                            ".gitignore:md5,a8caf045d9801d6bd81105e2ff857c58",
                            "Dockerfile:md5,88ca34e1450d3e5ba29d0f3773d33fdd",
                            "LICENSE:md5,65cf2250f4b540926fc0348fd8ceff84",
                            "MANIFEST.in:md5,a6de8d8bdfa45d63963db21be9083c02",
                            "README.md:md5,7076f516f86c21d211991116c4de20dd",
                            [
                                [
                                    "channeldata.json:md5,ecd2af4367d1c4f58d8d396f87eac7ba",
                                    "index.html:md5,ceaafde9c17916cb7ac4c21aaf7884a2",
                                    [
                                        [
                                            "cache.db:md5,e02f6754810defcbdb5bcffbc8e64a08"
                                        ],
                                        "cresil-1.2.0-py38_0.conda:md5,234ac02e7667c3aad7e8ad1d1b5ed035",
                                        "current_repodata.json:md5,2c2034209392c927d0d54072c8c40ec3",
                                        "index.html:md5,5d51be860d3d3d938b04761538932577",
                                        "repodata.json:md5,7005f021eeadc0e30d588fd98538def1",
                                        "repodata_from_packages.json:md5,7005f021eeadc0e30d588fd98538def1"
                                    ],
                                    [
                                        [
                                            "cache.db:md5,f321f42a14fbd1f4398af6b0d2ff5257"
                                        ],
                                        "current_repodata.json:md5,854b76ecd16e8137b75110f68c2dc429",
                                        "index.html:md5,764a286691eca12ac5393ddb8796669d",
                                        "repodata.json:md5,854b76ecd16e8137b75110f68c2dc429",
                                        "repodata_from_packages.json:md5,854b76ecd16e8137b75110f68c2dc429"
                                    ]
                                ],
                                "meta.yaml:md5,fbec89ee5ba228b39f2192ca6dfa7eaa"
                            ],
                            [
                                "__init__.py:md5,595dd8aa206f133f61b8d501615a9ed2",
                                [
                                    "__init__.py:md5,d41d8cd98f00b204e9800998ecf8427e",
                                    "annotate.py:md5,d6d795e8f78bf87884287427b03d87b0",
                                    [
                                        "__init__.py:md5,d41d8cd98f00b204e9800998ecf8427e",
                                        "parser.py:md5,4a3e50348cfa06bccb1cef2d14650e27"
                                    ],
                                    "identify.py:md5,6e6c2878462c0f6fdee95e3915201678",
                                    "identify_wgls.py:md5,c0dac3999aa9dd0ddf6c902dc6b6634d",
                                    [
                                        "circos.conf:md5,156f7759e68df93e003bd4307bb73aec",
                                        "ideogram.conf:md5,64b1f9234ba3a7bfe0ebfb1a482eba4f",
                                        "ticks.conf:md5,d90017acc2523facd9cf81ae26a3fd9d"
                                    ],
                                    "trim.py:md5,45e2ea57846787b4606609cdfddbe65a",
                                    "visualize.py:md5,9be97b48002831ce57b86df519b5d903"
                                ]
                            ],
                            "environment.yml:md5,89cef0327b8ab44a89db8260ddd01f70",
                            [
                                "exp_reads.fastq:md5,a5cd82d9593130de52e80023e4887921"
                            ],
                            "setup.py:md5,917159016cff69796dba91c6de74a4a6"
                        ],
                        "1.2.0"
                    ]
                ],
                "identify": [
                    [
                        {
                            "id": "ref"
                        },
                        "ref.eccDNA_final.txt:md5,d41d8cd98f00b204e9800998ecf8427e"
                    ]
                ],
                "versions_cresil": [
                    [
                        "CRESIL_IDENTIFY",
                        [
                            ".DS_Store:md5,f84ab3d9fc65c2475c5f29eb1619e0a5",
                            ".dockerignore:md5,b36528722e33b1343dfcc701fbba44d2",
                            [
                                ".DS_Store:md5,7f957b11dbc5379ccd5046cc12c4419d",
                                "COMMIT_EDITMSG:md5,ee5a0ed48c4f682ceed928d7cf069711",
                                "FETCH_HEAD:md5,1a53c9f345af082925ea1b5e96e13d70",
                                "HEAD:md5,4cf2d64e44205fe628ddd534e1151b58",
                                "ORIG_HEAD:md5,728a473241eb2072e475f383cb00af22",
                                "config:md5,c958cd5fa2f603caba06bb1ef75f8f44",
                                "description:md5,a0a7c3fff21f2aea3cfa1d0316dd816c",
                                [
                                    "applypatch-msg.sample:md5,ce562e08d8098926a3862fc6e7905199",
                                    "commit-msg.sample:md5,579a3c1e12a1e74a98169175fb913012",
                                    "fsmonitor-watchman.sample:md5,a0b2633a2c8e97501610bd3f73da66fc",
                                    "post-update.sample:md5,2b7ea5cee3c49ff53d41e00785eb974c",
                                    "pre-applypatch.sample:md5,054f9ffb8bfe04a599751cc757226dda",
                                    "pre-commit.sample:md5,5029bfab85b1c39281aa9697379ea444",
                                    "pre-merge-commit.sample:md5,39cb268e2a85d436b9eb6f47614c3cbc",
                                    "pre-push.sample:md5,2c642152299a94e05ea26eae11993b13",
                                    "pre-rebase.sample:md5,56e45f2bcbc8226d2b4200f7c46371bf",
                                    "pre-receive.sample:md5,2ad18ec82c20af7b5926ed9cea6aeedd",
                                    "prepare-commit-msg.sample:md5,2b5c047bdb474555e1787db32b2d2fc5",
                                    "push-to-checkout.sample:md5,c7ab00c7784efeadad3ae9b228d4b4db",
                                    "sendemail-validate.sample:md5,4d67df3a8d5c98cb8565c07e42be0b04",
                                    "update.sample:md5,647ae13c682f7827c22f5fc08a03674e"
                                ],
                                "index:md5,dafb8ac7a2dcea684080fbbf39afb8be",
                                [
                                    "exclude:md5,036208b4a1ab4a235d75c181e685e5a3"
                                ],
                                [
                                    "HEAD:md5,639e3299c1d90fadf11277935f1ebf2a",
                                    [
                                        [
                                            "master:md5,639e3299c1d90fadf11277935f1ebf2a"
                                        ],
                                        [
                                            [
                                                "HEAD:md5,66811b90d2d668de1f7e315987e11d44",
                                                "master:md5,5e02fa2cc0b489afdc9e854614f2f3c3"
                                            ],
                                            [
                                                "HEAD:md5,dfab1bb7c3c0cff9abb7115e9d29bd6e",
                                                "master:md5,4fdaf1aca508947bca2670dcd86f9791"
                                            ]
                                        ]
                                    ]
                                ],
                                [
                                    ".DS_Store:md5,4aaf0b2615db2630df7a528fa005bc41",
                                    [
                                        "1051135cb3fa48514e97edb6ab40e82a30d5cd:md5,7d407d2406e66aacb9bf3c33f7f0c901"
                                    ],
                                    [
                                        "5b7e446f1f87eb243dd5a394eeac8dcb48b16f:md5,9eb1247a80ebbd137ac399a10e2e9575"
                                    ],
                                    [
                                        "4bf151fb504ab88c2c7ff3bf4d05de4e6e7018:md5,f617733a56c0bab7336996e60f3c5020"
                                    ],
                                    [
                                        "463893fcd5f8a1d005634ee3816d625eaa55db:md5,9464619e449134ff24f0b02426b43dce"
                                    ],
                                    [
                                        "8dc2356e0b4564058c81ff18dc54b211a022fe:md5,a06592cae8f905c075cddb1b7d4545a5"
                                    ],
                                    [
                                        "0790784042dae5a47dd5577327462332d7a77c:md5,5285fb821fefccc08fd8666d16abab6d"
                                    ],
                                    [
                                        "a8bc2c2de93d2d750f7ce05592c30915e01f71:md5,40ea6016c77c79db106cf3ae9ca688b2"
                                    ],
                                    [
                                        "87e63375da0920888f89f60ca91a50445496d3:md5,fe951620c5bf9e8869f47368604c5c70"
                                    ],
                                    [
                                        "aa6e2d6672eea9d0b53f9643e4aebfa6bfbd62:md5,7102f39349f3b48ca8d2bfcbd8d875aa"
                                    ],
                                    [
                                        "625dfcb1a09bfec3bd2672931c91f908c99a7f:md5,cb6b97af3004cd4f1caaf0a01d301d12"
                                    ],
                                    [
                                        "ccf42c426027401995aaa8b25e65f5e302882b:md5,78602e3a619cab4c71d479ac010462a8"
                                    ],
                                    [
                                        "d3831814a7f7f07cb97b254af6e07afec40444:md5,20c31f6a35a3514e0c286861550ca284"
                                    ],
                                    [
                                        "24af287a0ae9d2067c57512f2ad9b49e18ff31:md5,4d6aff642817113e09bcc3fa81b7cd41"
                                    ],
                                    [
                                        "550e2fad2d1ffbbc60c8ee58531c01f3108b7d:md5,2b75756d2b5a0496c8dbd90406cbb557"
                                    ],
                                    [
                                        "efc91d95656735a6eae811520b79d84115baff:md5,ec7a69a4b8ee7e4bf5b19bf9ff22bc49"
                                    ],
                                    [
                                        "94f73cdd153bd02fa17de5c25e922da171b926:md5,a6085f23f4b3dd6abe0b47dc9f383980"
                                    ],
                                    [
                                        "aec1ba59f590fe22a3ae15d9adffb9e960f33c:md5,1a8da6e416256af810427251f37a33d2"
                                    ],
                                    [
                                        "50ef0012a49d7a737ab5601421e05b62b6829f:md5,2006f6a272837cd3811097345aa9b155"
                                    ],
                                    [
                                        "df7ba0be6918fbfc7fe344ae56d19a98071da5:md5,87f5c6bb8437fed2cb2c6b3d122c1406"
                                    ],
                                    [
                                        "719271f3a6a6baf28c043ff423d7df8487b954:md5,59afce1fe36a96153c7c56b09e354d05"
                                    ],
                                    [
                                        "c3d698a4e5d839a1eb950abd3f5a5c07a73905:md5,fd9df2cf54955e76185bd3a19a7bdd4b"
                                    ],
                                    [
                                        
                                    ],
                                    [
                                        "pack-d03ef8bce4af1c4b0d07e455377d7f41de0882ec.idx:md5,d84840740b786a69d048259097868339",
                                        "pack-d03ef8bce4af1c4b0d07e455377d7f41de0882ec.pack:md5,c551c35d1a3d5050e43d6a17d4db13d5",
                                        "pack-d03ef8bce4af1c4b0d07e455377d7f41de0882ec.rev:md5,297429b224da72895411c6b4799f79aa"
                                    ]
                                ],
                                "packed-refs:md5,2efbe9fa58c68d1b0115b8dba9e04014",
                                [
                                    ".DS_Store:md5,631f445593806096274c558aa4975b4d",
                                    [
                                        "master:md5,55433bfa86ad4aefe300596fb3c42cc6"
                                    ],
                                    [
                                        [
                                            "HEAD:md5,73a00957034783b7b5c8294c54cd3e12",
                                            "master:md5,55433bfa86ad4aefe300596fb3c42cc6"
                                        ],
                                        [
                                            "HEAD:md5,bf569b65cefdb3f84a669d0cec2124b4",
                                            "master:md5,4db250731b6a844f5ad4ce5f24e0d12d"
                                        ]
                                    ],
                                    [
                                        
                                    ]
                                ]
                            ],
                            ".gitignore:md5,a8caf045d9801d6bd81105e2ff857c58",
                            "Dockerfile:md5,88ca34e1450d3e5ba29d0f3773d33fdd",
                            "LICENSE:md5,65cf2250f4b540926fc0348fd8ceff84",
                            "MANIFEST.in:md5,a6de8d8bdfa45d63963db21be9083c02",
                            "README.md:md5,7076f516f86c21d211991116c4de20dd",
                            [
                                [
                                    "channeldata.json:md5,ecd2af4367d1c4f58d8d396f87eac7ba",
                                    "index.html:md5,ceaafde9c17916cb7ac4c21aaf7884a2",
                                    [
                                        [
                                            "cache.db:md5,e02f6754810defcbdb5bcffbc8e64a08"
                                        ],
                                        "cresil-1.2.0-py38_0.conda:md5,234ac02e7667c3aad7e8ad1d1b5ed035",
                                        "current_repodata.json:md5,2c2034209392c927d0d54072c8c40ec3",
                                        "index.html:md5,5d51be860d3d3d938b04761538932577",
                                        "repodata.json:md5,7005f021eeadc0e30d588fd98538def1",
                                        "repodata_from_packages.json:md5,7005f021eeadc0e30d588fd98538def1"
                                    ],
                                    [
                                        [
                                            "cache.db:md5,f321f42a14fbd1f4398af6b0d2ff5257"
                                        ],
                                        "current_repodata.json:md5,854b76ecd16e8137b75110f68c2dc429",
                                        "index.html:md5,764a286691eca12ac5393ddb8796669d",
                                        "repodata.json:md5,854b76ecd16e8137b75110f68c2dc429",
                                        "repodata_from_packages.json:md5,854b76ecd16e8137b75110f68c2dc429"
                                    ]
                                ],
                                "meta.yaml:md5,fbec89ee5ba228b39f2192ca6dfa7eaa"
                            ],
                            [
                                "__init__.py:md5,595dd8aa206f133f61b8d501615a9ed2",
                                [
                                    "__init__.py:md5,d41d8cd98f00b204e9800998ecf8427e",
                                    "annotate.py:md5,d6d795e8f78bf87884287427b03d87b0",
                                    [
                                        "__init__.py:md5,d41d8cd98f00b204e9800998ecf8427e",
                                        "parser.py:md5,4a3e50348cfa06bccb1cef2d14650e27"
                                    ],
                                    "identify.py:md5,6e6c2878462c0f6fdee95e3915201678",
                                    "identify_wgls.py:md5,c0dac3999aa9dd0ddf6c902dc6b6634d",
                                    [
                                        "circos.conf:md5,156f7759e68df93e003bd4307bb73aec",
                                        "ideogram.conf:md5,64b1f9234ba3a7bfe0ebfb1a482eba4f",
                                        "ticks.conf:md5,d90017acc2523facd9cf81ae26a3fd9d"
                                    ],
                                    "trim.py:md5,45e2ea57846787b4606609cdfddbe65a",
                                    "visualize.py:md5,9be97b48002831ce57b86df519b5d903"
                                ]
                            ],
                            "environment.yml:md5,89cef0327b8ab44a89db8260ddd01f70",
                            [
                                "exp_reads.fastq:md5,a5cd82d9593130de52e80023e4887921"
                            ],
                            "setup.py:md5,917159016cff69796dba91c6de74a4a6"
                        ],
                        "1.2.0"
                    ]
                ]
            }
        ],
        "timestamp": "2026-07-02T08:57:13.169532",
        "meta": {
            "nf-test": "0.9.5",
            "nextflow": "26.04.4"
        }
    },
    "test-identify": {
        "content": [
            {
                "0": [
                    
                ],
                "1": [
                    
                ],
                "identify": [
                    
                ],
                "versions_cresil": [
                    
                ]
            }
        ],
        "timestamp": "2026-07-01T21:54:16.766008",
        "meta": {
            "nf-test": "0.9.5",
            "nextflow": "26.04.4"
        }
    }
}